The USNO-A2.0 Catalogue (Monet+ 1998) 1
http://vizier.u-strasbg.fr/viz-bin/votable/-A?-out.all&-source=I/252/out&
