The USNO-A2.0 Catalogue (Monet+ 1998) 1
http://vizier.u-strasbg.fr/viz-bin/votable/-A?-source=I/252/out&
W22
./results/f7/bb/d44fbd316338550aed4e1c1a8fc6/vo.xml:13:0: W22: The DEFINITIONS element is deprecated in VOTable 1.1.  Ignoring
