good: 1 catalog(s)
warn: 0 catalog(s)
exception: 0 catalog(s)
error: 0 catalog(s)
total: 1 catalog(s)
